## ------------ ##
##  test suite. ##
## ------------ ##

testsuite: command line was:
  $ ./tests/testsuite 

## --------- ##
## Platform. ##
## --------- ##

hostname = caitlyn
uname -m = x86_64
uname -r = 5.15.146.1-microsoft-standard-WSL2
uname -s = Linux
uname -v = #1 SMP Thu Jan 11 04:09:03 UTC 2024

/usr/bin/uname -p = x86_64
/bin/uname -X     = unknown

/bin/arch              = x86_64
/usr/bin/arch -k       = unknown
/usr/convex/getsysinfo = unknown
/usr/bin/hostinfo      = unknown
/bin/machine           = unknown
/usr/bin/oslevel       = unknown
/bin/universe          = unknown

PATH: /home/larsewi/.vscode-server/bin/dc96b837cf6bb4af9cd736aa3af08cf8279f7685/bin/remote-cli/
PATH: /home/larsewi/.local/bin/
PATH: /usr/local/sbin/
PATH: /usr/local/bin/
PATH: /usr/sbin/
PATH: /usr/bin/
PATH: /sbin/
PATH: /bin/
PATH: /usr/games/
PATH: /usr/local/games/
PATH: /usr/lib/wsl/lib/
PATH: /mnt/c/Windows/system32/
PATH: /mnt/c/Windows/
PATH: /mnt/c/Windows/System32/Wbem/
PATH: /mnt/c/Windows/System32/WindowsPowerShell/v1.0/
PATH: /mnt/c/Windows/System32/OpenSSH/
PATH: /mnt/c/Program Files/NVIDIA Corporation/NVIDIA NvDLISR/
PATH: /mnt/c/Program Files (x86)/NVIDIA Corporation/PhysX/Common/
PATH: /mnt/c/Program Files/Git/cmd/
PATH: /mnt/c/WINDOWS/system32/
PATH: /mnt/c/WINDOWS/
PATH: /mnt/c/WINDOWS/System32/Wbem/
PATH: /mnt/c/WINDOWS/System32/WindowsPowerShell/v1.0/
PATH: /mnt/c/WINDOWS/System32/OpenSSH/
PATH: /mnt/c/Program Files (x86)/Windows Kits/10/Windows Performance Toolkit/
PATH: /mnt/c/Program Files/Vagrant/bin/
PATH: /mnt/c/Program Files/NVIDIA Corporation/Nsight Compute 2024.1.1/
PATH: /mnt/c/Users/wikz9/AppData/Local/Microsoft/WindowsApps/
PATH: /mnt/c/Users/wikz9/AppData/Local/Programs/Microsoft VS Code/bin/
PATH: /snap/bin/

## ------------------ ##
## Running the tests. ##
## ------------------ ##
testsuite: starting at: Sat Jun  8 18:02:55 CEST 2024
testsuite: ending at: Sat Jun  8 18:02:55 CEST 2024
testsuite: test suite duration: 0h 0m 0s

## ------------- ##
## Test results. ##
## ------------- ##

0 tests were successful.
